// Jest Snapshot v1, https://goo.gl/fbAQLP

exports[`ShoppingCart renders correctlye 1`] = `
<div
  class="shopping-cart-container"
>
  <h2
    class="title is-5"
  >
    Shopping Cart
  </h2>
   
  <section>
    
    Cart is Empty
  
  </section>
</div>
`;
